
  .   ____          _            __ _ _
 /\\ / ___'_ __ _ _(_)_ __  __ _ \ \ \ \
( ( )\___ | '_ | '_| | '_ \/ _` | \ \ \ \
 \\/  ___)| |_)| | | | | || (_| |  ) ) ) )
  '  |____| .__|_| |_|_| |_\__, | / / / /
 =========|_|==============|___/=/_/_/_/

 :: Spring Boot ::               (v3.5.16)

2026-10-08T11:17:53.676+01:00  INFO 4320 --- [user] [           main] c.m.user.UserMicroserviceApplication     : Starting UserMicroserviceApplication v0.0.1-SNAPSHOT using Java 25 with PID 4320 (C:\ed\3eme\Microservices\mariem-spring-cloud\SECTION_06_CONFIGSERVER\mariem-spring-cloud\user-microservice\target\user-microservice-0.0.1-SNAPSHOT.jar started by Mariem Younes in C:\ed\3eme\Microservices\mariem-spring-cloud\SECTION_06_CONFIGSERVER\mariem-spring-cloud)
2026-10-08T11:17:53.680+01:00  INFO 4320 --- [user] [           main] c.m.user.UserMicroserviceApplication     : The following 1 profile is active: "prod"
2026-10-08T11:17:53.720+01:00  INFO 4320 --- [user] [           main] o.s.c.c.c.ConfigServerConfigDataLoader   : Fetching config from server at : http://localhost:9999/
2026-10-08T11:17:53.721+01:00  INFO 4320 --- [user] [           main] o.s.c.c.c.ConfigServerConfigDataLoader   : Located environment: name=user, profiles=[default], label=null, version=05605d2522bbf4c05df3da9a423ae467af99d5a3, state=
2026-10-08T11:17:53.721+01:00  INFO 4320 --- [user] [           main] o.s.c.c.c.ConfigServerConfigDataLoader   : Fetching config from server at : http://localhost:9999/
2026-10-08T11:17:53.722+01:00  INFO 4320 --- [user] [           main] o.s.c.c.c.ConfigServerConfigDataLoader   : Located environment: name=user, profiles=[prod], label=null, version=05605d2522bbf4c05df3da9a423ae467af99d5a3, state=
2026-10-08T11:17:54.868+01:00  INFO 4320 --- [user] [           main] .s.d.r.c.RepositoryConfigurationDelegate : Bootstrapping Spring Data JPA repositories in DEFAULT mode.
2026-10-08T11:17:55.036+01:00  INFO 4320 --- [user] [           main] .s.d.r.c.RepositoryConfigurationDelegate : Finished Spring Data repository scanning in 154 ms. Found 1 JPA repository interface.
2026-10-08T11:17:55.367+01:00  INFO 4320 --- [user] [           main] o.s.cloud.context.scope.GenericScope     : BeanFactory id=b7697547-7e50-3253-b4a9-0eb82c21772c
2026-10-08T11:17:56.059+01:00  INFO 4320 --- [user] [           main] o.s.b.w.embedded.tomcat.TomcatWebServer  : Tomcat initialized with port 8082 (http)
2026-10-08T11:17:56.080+01:00  INFO 4320 --- [user] [           main] o.apache.catalina.core.StandardService   : Starting service [Tomcat]
2026-10-08T11:17:56.081+01:00  INFO 4320 --- [user] [           main] o.apache.catalina.core.StandardEngine    : Starting Servlet engine: [Apache Tomcat/10.1.55]
2026-10-08T11:17:56.152+01:00  INFO 4320 --- [user] [           main] o.a.c.c.C.[Tomcat].[localhost].[/]       : Initializing Spring embedded WebApplicationContext
2026-10-08T11:17:56.154+01:00  INFO 4320 --- [user] [           main] w.s.c.ServletWebServerApplicationContext : Root WebApplicationContext: initialization completed in 2429 ms
2026-10-08T11:17:56.581+01:00  INFO 4320 --- [user] [           main] o.hibernate.jpa.internal.util.LogHelper  : HHH000204: Processing PersistenceUnitInfo [name: default]
2026-10-08T11:17:56.661+01:00  INFO 4320 --- [user] [           main] org.hibernate.Version                    : HHH000412: Hibernate ORM core version 6.6.53.Final
2026-10-08T11:17:56.724+01:00  INFO 4320 --- [user] [           main] o.h.c.internal.RegionFactoryInitiator    : HHH000026: Second-level cache disabled
2026-10-08T11:17:57.102+01:00  INFO 4320 --- [user] [           main] o.s.o.j.p.SpringPersistenceUnitInfo      : No LoadTimeWeaver setup: ignoring JPA class transformer
2026-10-08T11:17:57.149+01:00  INFO 4320 --- [user] [           main] com.zaxxer.hikari.HikariDataSource       : HikariPool-1 - Starting...
2026-10-08T11:17:57.426+01:00  INFO 4320 --- [user] [           main] com.zaxxer.hikari.pool.HikariPool        : HikariPool-1 - Added connection conn0: url=jdbc:h2:mem:userdb user=SA
2026-10-08T11:17:57.429+01:00  INFO 4320 --- [user] [           main] com.zaxxer.hikari.HikariDataSource       : HikariPool-1 - Start completed.
2026-10-08T11:17:57.514+01:00  INFO 4320 --- [user] [           main] org.hibernate.orm.connections.pooling    : HHH10001005: Database info:
	Database JDBC URL [Connecting through datasource 'HikariDataSource (HikariPool-1)']
	Database driver: undefined/unknown
	Database version: 2.3.232
	Autocommit mode: undefined/unknown
	Isolation level: undefined/unknown
	Minimum pool size: undefined/unknown
	Maximum pool size: undefined/unknown
2026-10-08T11:17:58.240+01:00  INFO 4320 --- [user] [           main] o.h.e.t.j.p.i.JtaPlatformInitiator       : HHH000489: No JTA platform available (set 'hibernate.transaction.jta.platform' to enable JTA platform integration)
Hibernate: create table users (id bigint generated by default as identity, email varchar(255), enabled boolean, password varchar(255), role varchar(255), username varchar(255), primary key (id))
2026-10-08T11:17:58.309+01:00  INFO 4320 --- [user] [           main] j.LocalContainerEntityManagerFactoryBean : Initialized JPA EntityManagerFactory for persistence unit 'default'
2026-10-08T11:17:58.708+01:00  WARN 4320 --- [user] [           main] JpaBaseConfiguration$JpaWebConfiguration : spring.jpa.open-in-view is enabled by default. Therefore, database queries may be performed during view rendering. Explicitly configure spring.jpa.open-in-view to disable this warning
2026-10-08T11:17:58.990+01:00  INFO 4320 --- [user] [           main] DiscoveryClientOptionalArgsConfiguration : Eureka HTTP Client uses RestTemplate.
2026-10-08T11:17:59.025+01:00  INFO 4320 --- [user] [           main] o.s.c.n.eureka.InstanceInfoFactory       : Setting initial instance status as: STARTING
2026-10-08T11:17:59.069+01:00  INFO 4320 --- [user] [           main] com.netflix.discovery.DiscoveryClient    : Initializing Eureka in region us-east-1
2026-10-08T11:17:59.073+01:00  INFO 4320 --- [user] [           main] c.n.d.s.r.aws.ConfigClusterResolver      : Resolving eureka endpoints via configuration
2026-10-08T11:17:59.083+01:00  INFO 4320 --- [user] [           main] com.netflix.discovery.DiscoveryClient    : Disable delta property : false
2026-10-08T11:17:59.084+01:00  INFO 4320 --- [user] [           main] com.netflix.discovery.DiscoveryClient    : Single vip registry refresh property : null
2026-10-08T11:17:59.084+01:00  INFO 4320 --- [user] [           main] com.netflix.discovery.DiscoveryClient    : Force full registry fetch : false
2026-10-08T11:17:59.084+01:00  INFO 4320 --- [user] [           main] com.netflix.discovery.DiscoveryClient    : Application is null : false
2026-10-08T11:17:59.085+01:00  INFO 4320 --- [user] [           main] com.netflix.discovery.DiscoveryClient    : Registered Applications size is zero : true
2026-10-08T11:17:59.085+01:00  INFO 4320 --- [user] [           main] com.netflix.discovery.DiscoveryClient    : Application version is -1: true
2026-10-08T11:17:59.085+01:00  INFO 4320 --- [user] [           main] com.netflix.discovery.DiscoveryClient    : Getting all instance registry info from the eureka server
2026-10-08T11:17:59.647+01:00  INFO 4320 --- [user] [           main] com.netflix.discovery.DiscoveryClient    : The response status is 200
2026-10-08T11:17:59.650+01:00  INFO 4320 --- [user] [           main] com.netflix.discovery.DiscoveryClient    : Starting heartbeat executor: renew interval is: 30
2026-10-08T11:17:59.653+01:00  INFO 4320 --- [user] [           main] c.n.discovery.InstanceInfoReplicator     : InstanceInfoReplicator onDemand update allowed rate per min is 4
2026-10-08T11:17:59.654+01:00  INFO 4320 --- [user] [           main] com.netflix.discovery.DiscoveryClient    : Discovery Client initialized at timestamp 1791454679654 with initial instances count: 0
2026-10-08T11:17:59.938+01:00  INFO 4320 --- [user] [           main] o.s.b.a.h2.H2ConsoleAutoConfiguration    : H2 console available at '/h2-console'. Database available at 'jdbc:h2:mem:userdb'
2026-10-08T11:18:00.033+01:00  WARN 4320 --- [user] [           main] iguration$LoadBalancerCaffeineWarnLogger : Spring Cloud LoadBalancer is currently working with the default cache. While this cache implementation is useful for development and tests, it's recommended to use Caffeine cache in production.You can switch to using Caffeine cache, by adding it and org.springframework.cache.caffeine.CaffeineCacheManager to the classpath.
2026-10-08T11:18:00.047+01:00  INFO 4320 --- [user] [           main] o.s.b.a.e.web.EndpointLinksResolver      : Exposing 16 endpoints beneath base path '/actuator'
2026-10-08T11:18:00.104+01:00  INFO 4320 --- [user] [           main] o.s.c.n.e.s.EurekaServiceRegistry        : Registering application USER with eureka with status UP
2026-10-08T11:18:00.105+01:00  INFO 4320 --- [user] [           main] com.netflix.discovery.DiscoveryClient    : Saw local status change event StatusChangeEvent [timestamp=1791454680105, current=UP, previous=STARTING]
2026-10-08T11:18:00.108+01:00  INFO 4320 --- [user] [foReplicator-%d] com.netflix.discovery.DiscoveryClient    : DiscoveryClient_USER/DESKTOP-NC2OKMT:user:8082: registering service...
2026-10-08T11:18:00.124+01:00  INFO 4320 --- [user] [           main] o.s.b.w.embedded.tomcat.TomcatWebServer  : Tomcat started on port 8082 (http) with context path '/'
2026-10-08T11:18:00.126+01:00  INFO 4320 --- [user] [           main] .s.c.n.e.s.EurekaAutoServiceRegistration : Updating port to 8082
2026-10-08T11:18:00.154+01:00  INFO 4320 --- [user] [           main] c.m.user.UserMicroserviceApplication     : Started UserMicroserviceApplication in 9.669 seconds (process running for 10.343)
2026-10-08T11:18:00.257+01:00  INFO 4320 --- [user] [foReplicator-%d] com.netflix.discovery.DiscoveryClient    : DiscoveryClient_USER/DESKTOP-NC2OKMT:user:8082 - registration status: 204
Hibernate: insert into users (email,enabled,password,role,username,id) values (?,?,?,?,?,default)
Hibernate: insert into users (email,enabled,password,role,username,id) values (?,?,?,?,?,default)
2026-10-08T11:18:29.655+01:00  INFO 4320 --- [user] [reshExecutor-%d] com.netflix.discovery.DiscoveryClient    : Disable delta property : false
2026-10-08T11:18:29.661+01:00  INFO 4320 --- [user] [reshExecutor-%d] com.netflix.discovery.DiscoveryClient    : Single vip registry refresh property : null
2026-10-08T11:18:29.663+01:00  INFO 4320 --- [user] [reshExecutor-%d] com.netflix.discovery.DiscoveryClient    : Force full registry fetch : false
2026-10-08T11:18:29.665+01:00  INFO 4320 --- [user] [reshExecutor-%d] com.netflix.discovery.DiscoveryClient    : Application is null : false
2026-10-08T11:18:29.667+01:00  INFO 4320 --- [user] [reshExecutor-%d] com.netflix.discovery.DiscoveryClient    : Registered Applications size is zero : true
2026-10-08T11:18:29.670+01:00  INFO 4320 --- [user] [reshExecutor-%d] com.netflix.discovery.DiscoveryClient    : Application version is -1: false
2026-10-08T11:18:29.674+01:00  INFO 4320 --- [user] [reshExecutor-%d] com.netflix.discovery.DiscoveryClient    : Getting all instance registry info from the eureka server
2026-10-08T11:18:29.703+01:00  INFO 4320 --- [user] [reshExecutor-%d] com.netflix.discovery.DiscoveryClient    : The response status is 200
2026-10-08T11:18:59.709+01:00  INFO 4320 --- [user] [reshExecutor-%d] com.netflix.discovery.DiscoveryClient    : Disable delta property : false
2026-10-08T11:18:59.710+01:00  INFO 4320 --- [user] [reshExecutor-%d] com.netflix.discovery.DiscoveryClient    : Single vip registry refresh property : null
2026-10-08T11:18:59.710+01:00  INFO 4320 --- [user] [reshExecutor-%d] com.netflix.discovery.DiscoveryClient    : Force full registry fetch : false
2026-10-08T11:18:59.711+01:00  INFO 4320 --- [user] [reshExecutor-%d] com.netflix.discovery.DiscoveryClient    : Application is null : false
2026-10-08T11:18:59.711+01:00  INFO 4320 --- [user] [reshExecutor-%d] com.netflix.discovery.DiscoveryClient    : Registered Applications size is zero : true
2026-10-08T11:18:59.711+01:00  INFO 4320 --- [user] [reshExecutor-%d] com.netflix.discovery.DiscoveryClient    : Application version is -1: false
2026-10-08T11:18:59.712+01:00  INFO 4320 --- [user] [reshExecutor-%d] com.netflix.discovery.DiscoveryClient    : Getting all instance registry info from the eureka server
2026-10-08T11:18:59.785+01:00  INFO 4320 --- [user] [reshExecutor-%d] com.netflix.discovery.DiscoveryClient    : The response status is 200
2026-10-08T11:19:06.272+01:00  INFO 4320 --- [user] [nio-8082-exec-1] o.a.c.c.C.[Tomcat].[localhost].[/]       : Initializing Spring DispatcherServlet 'dispatcherServlet'
2026-10-08T11:19:06.275+01:00  INFO 4320 --- [user] [nio-8082-exec-1] o.s.web.servlet.DispatcherServlet        : Initializing Servlet 'dispatcherServlet'
2026-10-08T11:19:06.277+01:00  INFO 4320 --- [user] [nio-8082-exec-1] o.s.web.servlet.DispatcherServlet        : Completed initialization in 1 ms
Hibernate: select u1_0.id,u1_0.email,u1_0.enabled,u1_0.password,u1_0.role,u1_0.username from users u1_0 where u1_0.email=?
Hibernate: select u1_0.id,u1_0.email,u1_0.enabled,u1_0.password,u1_0.role,u1_0.username from users u1_0 where u1_0.email=?
